2025-08-14T15:23:06.692Z [LOG] Server listening at http://localhost:3000
2025-08-16T06:32:17.401Z [LOG] Server listening at http://localhost:3000
2025-08-16T16:47:29.264Z [LOG] Server listening at http://localhost:3000
2025-08-16T23:21:54.290Z [LOG] Client connected
2025-08-19T00:27:08.836Z [LOG] Server listening at http://localhost:8080
2025-08-19T03:22:13.999Z [LOG] Server listening at http://localhost:8080
2025-08-19T03:24:31.447Z [LOG] Client connected
2025-08-19T03:24:39.950Z [LOG] Received message from client: Jimjim
2025-08-19T03:26:05.111Z [LOG] Received message from client: /help
2025-08-19T03:31:42.070Z [LOG] Server listening at http://localhost:8080
2025-08-19T03:43:39.199Z [LOG] Server listening at http://localhost:8080
2025-08-19T03:48:58.905Z [LOG] Server listening at http://localhost:8080
2025-08-19T03:52:57.770Z [LOG] Server listening at http://localhost:8080
2025-08-19T03:58:31.563Z [LOG] Server listening at http://localhost:8080
2025-08-19T04:01:24.567Z [LOG] Server listening at http://localhost:8080
2025-08-19T04:02:37.089Z [LOG] Server listening at http://localhost:8080
2025-08-19T04:05:34.979Z [LOG] Client connected
2025-08-19T04:07:37.649Z [LOG] Client disconnected
2025-08-19T04:07:47.673Z [LOG] Client connected
2025-08-19T04:10:51.808Z [LOG] Server listening at http://localhost:8080
2025-08-19T04:11:54.895Z [LOG] Client connected
